<?xml version="1.0" encoding="ISO-8859-1" ?>
<link_info>
   <banner>TI ARM Clang Linker Unix v4.0.3.LTS</banner>
   <copyright>Copyright (c) 1996-2018 Texas Instruments Incorporated</copyright>
   <command_line>/opt/ccstudio/ccs/tools/compiler/ti-cgt-armllvm_4.0.3.LTS/bin/tiarmlnk -I/opt/ccstudio/ccs/tools/compiler/ti-cgt-armllvm_4.0.3.LTS/lib -o keypad.out -mkeypad.map -i/home/steven/ti/simplelink_cc13xx_cc26xx_sdk_8_31_00_11/source -i/home/steven/ti/simplelink_cc13xx_cc26xx_sdk_8_31_00_11/kernel/nortos -i/home/steven/Documents/ee110/ee110a/workspace_ccstheia/keypad/Debug/syscfg -i/opt/ccstudio/ccs/tools/compiler/ti-cgt-armllvm_4.0.3.LTS/lib --diag_wrap=off --display_error_number --warn_sections --xml_link_info=keypad_linkInfo.xml --rom_model ./KeypadDemo.o ./syscfg/ti_devices_config.o ./syscfg/ti_drivers_config.o ../cc13x2_cc26x2_nortos.cmd -lti_utils_build_linker.cmd.genlibs -llibc.a --start-group -llibc++.a -llibc++abi.a -llibc.a -llibsys.a -llibsysbm.a -llibclang_rt.builtins.a -llibclang_rt.profile.a --end-group --cg_opt_level=z</command_line>
   <link_time>0x692b9cc5</link_time>
   <link_errors>0x0</link_errors>
   <output_file>/home/steven/Documents/ee110/ee110a/workspace_ccstheia/keypad/Debug/keypad.out</output_file>
   <entry_point>
      <name>resetISR</name>
      <address>0x1</address>
   </entry_point>
   <input_file_list>
      <input_file id="fl-1">
         <path>/home/steven/Documents/ee110/ee110a/workspace_ccstheia/keypad/Debug/./</path>
         <kind>object</kind>
         <file>KeypadDemo.o</file>
         <name>KeypadDemo.o</name>
      </input_file>
      <input_file id="fl-2">
         <path>/home/steven/Documents/ee110/ee110a/workspace_ccstheia/keypad/Debug/./syscfg/</path>
         <kind>object</kind>
         <file>ti_devices_config.o</file>
         <name>ti_devices_config.o</name>
      </input_file>
      <input_file id="fl-3">
         <path>/home/steven/Documents/ee110/ee110a/workspace_ccstheia/keypad/Debug/./syscfg/</path>
         <kind>object</kind>
         <file>ti_drivers_config.o</file>
         <name>ti_drivers_config.o</name>
      </input_file>
      <input_file id="fl-14">
         <path>/home/steven/Documents/ee110/ee110a/workspace_ccstheia/keypad/Debug/</path>
         <kind>object</kind>
         <file>&lt;internal&gt;</file>
         <name>&lt;internal&gt;</name>
      </input_file>
      <input_file id="fl-15">
         <path>/home/steven/ti/simplelink_cc13xx_cc26xx_sdk_8_31_00_11/kernel/nortos/lib/ticlang/m4f/</path>
         <kind>archive</kind>
         <file>nortos_cc26x2.a</file>
         <name>PowerCC26X2_nortos.c.obj</name>
      </input_file>
      <input_file id="fl-16">
         <path>/home/steven/ti/simplelink_cc13xx_cc26xx_sdk_8_31_00_11/kernel/nortos/lib/ticlang/m4f/</path>
         <kind>archive</kind>
         <file>nortos_cc26x2.a</file>
         <name>SwiP_nortos.c.obj</name>
      </input_file>
      <input_file id="fl-17">
         <path>/home/steven/ti/simplelink_cc13xx_cc26xx_sdk_8_31_00_11/kernel/nortos/lib/ticlang/m4f/</path>
         <kind>archive</kind>
         <file>nortos_cc26x2.a</file>
         <name>ClockPTimer_nortos.c.obj</name>
      </input_file>
      <input_file id="fl-18">
         <path>/home/steven/ti/simplelink_cc13xx_cc26xx_sdk_8_31_00_11/kernel/nortos/lib/ticlang/m4f/</path>
         <kind>archive</kind>
         <file>nortos_cc26x2.a</file>
         <name>QueueP_nortos.c.obj</name>
      </input_file>
      <input_file id="fl-19">
         <path>/home/steven/ti/simplelink_cc13xx_cc26xx_sdk_8_31_00_11/kernel/nortos/lib/ticlang/m4f/</path>
         <kind>archive</kind>
         <file>nortos_cc26x2.a</file>
         <name>HwiPCC26XX_nortos.c.obj</name>
      </input_file>
      <input_file id="fl-1a">
         <path>/home/steven/ti/simplelink_cc13xx_cc26xx_sdk_8_31_00_11/kernel/nortos/lib/ticlang/m4f/</path>
         <kind>archive</kind>
         <file>nortos_cc26x2.a</file>
         <name>TimerPCC26XX_nortos.c.obj</name>
      </input_file>
      <input_file id="fl-1b">
         <path>/home/steven/ti/simplelink_cc13xx_cc26xx_sdk_8_31_00_11/kernel/nortos/lib/ticlang/m4f/</path>
         <kind>archive</kind>
         <file>nortos_cc26x2.a</file>
         <name>SemaphoreP_nortos.c.obj</name>
      </input_file>
      <input_file id="fl-1c">
         <path>/home/steven/ti/simplelink_cc13xx_cc26xx_sdk_8_31_00_11/source/ti/drivers/lib/ticlang/m4f/</path>
         <kind>archive</kind>
         <file>drivers_cc26x2.a</file>
         <name>GPIO.c.obj</name>
      </input_file>
      <input_file id="fl-1d">
         <path>/home/steven/ti/simplelink_cc13xx_cc26xx_sdk_8_31_00_11/source/ti/drivers/lib/ticlang/m4f/</path>
         <kind>archive</kind>
         <file>drivers_cc26x2.a</file>
         <name>GPIOCC26XX.c.obj</name>
      </input_file>
      <input_file id="fl-1e">
         <path>/home/steven/ti/simplelink_cc13xx_cc26xx_sdk_8_31_00_11/source/ti/drivers/lib/ticlang/m4f/</path>
         <kind>archive</kind>
         <file>drivers_cc26x2.a</file>
         <name>PowerCC26X2.c.obj</name>
      </input_file>
      <input_file id="fl-1f">
         <path>/home/steven/ti/simplelink_cc13xx_cc26xx_sdk_8_31_00_11/source/ti/drivers/lib/ticlang/m4f/</path>
         <kind>archive</kind>
         <file>drivers_cc26x2.a</file>
         <name>PowerCC26X2_calibrateRCOSC.c.obj</name>
      </input_file>
      <input_file id="fl-20">
         <path>/home/steven/ti/simplelink_cc13xx_cc26xx_sdk_8_31_00_11/source/ti/drivers/lib/ticlang/m4f/</path>
         <kind>archive</kind>
         <file>drivers_cc26x2.a</file>
         <name>TemperatureCC26X2.c.obj</name>
      </input_file>
      <input_file id="fl-21">
         <path>/home/steven/ti/simplelink_cc13xx_cc26xx_sdk_8_31_00_11/source/ti/drivers/lib/ticlang/m4f/</path>
         <kind>archive</kind>
         <file>drivers_cc26x2.a</file>
         <name>GPIOCC26X2.c.obj</name>
      </input_file>
      <input_file id="fl-22">
         <path>/home/steven/ti/simplelink_cc13xx_cc26xx_sdk_8_31_00_11/source/ti/drivers/lib/ticlang/m4f/</path>
         <kind>archive</kind>
         <file>drivers_cc26x2.a</file>
         <name>PowerCC26X2_calibrateRCOSC_helpers.c.obj</name>
      </input_file>
      <input_file id="fl-23">
         <path>/home/steven/ti/simplelink_cc13xx_cc26xx_sdk_8_31_00_11/source/ti/drivers/lib/ticlang/m4f/</path>
         <kind>archive</kind>
         <file>drivers_cc26x2.a</file>
         <name>PowerCC26X2_helpers.c.obj</name>
      </input_file>
      <input_file id="fl-24">
         <path>/home/steven/ti/simplelink_cc13xx_cc26xx_sdk_8_31_00_11/source/ti/drivers/lib/ticlang/m4f/</path>
         <kind>archive</kind>
         <file>drivers_cc26x2.a</file>
         <name>List.c.obj</name>
      </input_file>
      <input_file id="fl-25">
         <path>/home/steven/ti/simplelink_cc13xx_cc26xx_sdk_8_31_00_11/source/ti/devices/cc13x2_cc26x2/driverlib/bin/ticlang/</path>
         <kind>archive</kind>
         <file>driverlib.lib</file>
         <name>cpu.c.obj</name>
      </input_file>
      <input_file id="fl-26">
         <path>/home/steven/ti/simplelink_cc13xx_cc26xx_sdk_8_31_00_11/source/ti/devices/cc13x2_cc26x2/driverlib/bin/ticlang/</path>
         <kind>archive</kind>
         <file>driverlib.lib</file>
         <name>interrupt.c.obj</name>
      </input_file>
      <input_file id="fl-27">
         <path>/home/steven/ti/simplelink_cc13xx_cc26xx_sdk_8_31_00_11/source/ti/devices/cc13x2_cc26x2/driverlib/bin/ticlang/</path>
         <kind>archive</kind>
         <file>driverlib.lib</file>
         <name>osc.c.obj</name>
      </input_file>
      <input_file id="fl-28">
         <path>/home/steven/ti/simplelink_cc13xx_cc26xx_sdk_8_31_00_11/source/ti/devices/cc13x2_cc26x2/driverlib/bin/ticlang/</path>
         <kind>archive</kind>
         <file>driverlib.lib</file>
         <name>prcm.c.obj</name>
      </input_file>
      <input_file id="fl-29">
         <path>/home/steven/ti/simplelink_cc13xx_cc26xx_sdk_8_31_00_11/source/ti/devices/cc13x2_cc26x2/driverlib/bin/ticlang/</path>
         <kind>archive</kind>
         <file>driverlib.lib</file>
         <name>sys_ctrl.c.obj</name>
      </input_file>
      <input_file id="fl-40">
         <path>/opt/ccstudio/ccs/tools/compiler/ti-cgt-armllvm_4.0.3.LTS/lib/armv7em-ti-none-eabihf/c/</path>
         <kind>archive</kind>
         <file>libc.a</file>
         <name>memory.c.obj</name>
      </input_file>
      <input_file id="fl-41">
         <path>/opt/ccstudio/ccs/tools/compiler/ti-cgt-armllvm_4.0.3.LTS/lib/armv7em-ti-none-eabihf/c/</path>
         <kind>archive</kind>
         <file>libc.a</file>
         <name>copy_zero_init.c.obj</name>
      </input_file>
      <input_file id="fl-42">
         <path>/opt/ccstudio/ccs/tools/compiler/ti-cgt-armllvm_4.0.3.LTS/lib/armv7em-ti-none-eabihf/c/</path>
         <kind>archive</kind>
         <file>libc.a</file>
         <name>copy_decompress_none.c.obj</name>
      </input_file>
      <input_file id="fl-43">
         <path>/opt/ccstudio/ccs/tools/compiler/ti-cgt-armllvm_4.0.3.LTS/lib/armv7em-ti-none-eabihf/c/</path>
         <kind>archive</kind>
         <file>libc.a</file>
         <name>copy_decompress_lzss.c.obj</name>
      </input_file>
      <input_file id="fl-44">
         <path>/opt/ccstudio/ccs/tools/compiler/ti-cgt-armllvm_4.0.3.LTS/lib/armv7em-ti-none-eabihf/c/</path>
         <kind>archive</kind>
         <file>libc.a</file>
         <name>_lock.c.obj</name>
      </input_file>
      <input_file id="fl-e4">
         <path>/opt/ccstudio/ccs/tools/compiler/ti-cgt-armllvm_4.0.3.LTS/lib/armv7em-ti-none-eabihf/</path>
         <kind>archive</kind>
         <file>libclang_rt.builtins.a</file>
         <name>ashldi3.S.obj</name>
      </input_file>
      <input_file id="fl-e5">
         <path>/opt/ccstudio/ccs/tools/compiler/ti-cgt-armllvm_4.0.3.LTS/lib/armv7em-ti-none-eabihf/</path>
         <kind>archive</kind>
         <file>libclang_rt.builtins.a</file>
         <name>ashrdi3.S.obj</name>
      </input_file>
      <input_file id="fl-e6">
         <path>/opt/ccstudio/ccs/tools/compiler/ti-cgt-armllvm_4.0.3.LTS/lib/armv7em-ti-none-eabihf/</path>
         <kind>archive</kind>
         <file>libclang_rt.builtins.a</file>
         <name>aeabi_ldivmod.S.obj</name>
      </input_file>
      <input_file id="fl-e7">
         <path>/opt/ccstudio/ccs/tools/compiler/ti-cgt-armllvm_4.0.3.LTS/lib/armv7em-ti-none-eabihf/</path>
         <kind>archive</kind>
         <file>libclang_rt.builtins.a</file>
         <name>aeabi_memcpy.S.obj</name>
      </input_file>
      <input_file id="fl-e8">
         <path>/opt/ccstudio/ccs/tools/compiler/ti-cgt-armllvm_4.0.3.LTS/lib/armv7em-ti-none-eabihf/</path>
         <kind>archive</kind>
         <file>libclang_rt.builtins.a</file>
         <name>aeabi_memset.S.obj</name>
      </input_file>
      <input_file id="fl-e9">
         <path>/opt/ccstudio/ccs/tools/compiler/ti-cgt-armllvm_4.0.3.LTS/lib/armv7em-ti-none-eabihf/</path>
         <kind>archive</kind>
         <file>libclang_rt.builtins.a</file>
         <name>aeabi_uldivmod.S.obj</name>
      </input_file>
      <input_file id="fl-ea">
         <path>/opt/ccstudio/ccs/tools/compiler/ti-cgt-armllvm_4.0.3.LTS/lib/armv7em-ti-none-eabihf/</path>
         <kind>archive</kind>
         <file>libclang_rt.builtins.a</file>
         <name>udivmoddi4.S.obj</name>
      </input_file>
      <input_file id="fl-eb">
         <path>/opt/ccstudio/ccs/tools/compiler/ti-cgt-armllvm_4.0.3.LTS/lib/armv7em-ti-none-eabihf/</path>
         <kind>archive</kind>
         <file>libclang_rt.builtins.a</file>
         <name>divmoddi4.c.obj</name>
      </input_file>
      <input_file id="fl-ec">
         <path>/opt/ccstudio/ccs/tools/compiler/ti-cgt-armllvm_4.0.3.LTS/lib/armv7em-ti-none-eabihf/</path>
         <kind>archive</kind>
         <file>libclang_rt.builtins.a</file>
         <name>aeabi_div0.c.obj</name>
      </input_file>
      <input_file id="fl-ed">
         <path>/opt/ccstudio/ccs/tools/compiler/ti-cgt-armllvm_4.0.3.LTS/lib/armv7em-ti-none-eabihf/c/</path>
         <kind>archive</kind>
         <file>libc.a</file>
         <name>memcpy_t2.S.obj</name>
      </input_file>
      <input_file id="fl-ee">
         <path>/opt/ccstudio/ccs/tools/compiler/ti-cgt-armllvm_4.0.3.LTS/lib/armv7em-ti-none-eabihf/c/</path>
         <kind>archive</kind>
         <file>libc.a</file>
         <name>memset_t2.S.obj</name>
      </input_file>
   </input_file_list>
   <object_component_list>
      <object_component id="oc-28">
         <name>.text</name>
         <load_address>0x0</load_address>
         <readonly>true</readonly>
         <executable>true</executable>
         <run_address>0x0</run_address>
         <size>0x33c</size>
         <alignment>0x2</alignment>
         <input_file_ref idref="fl-1"/>
      </object_component>
      <object_component id="oc-1f">
         <name>.text:decompress:lzss</name>
         <load_address>0x33c</load_address>
         <readonly>true</readonly>
         <executable>true</executable>
         <run_address>0x33c</run_address>
         <size>0x74</size>
         <alignment>0x2</alignment>
         <input_file_ref idref="fl-43"/>
      </object_component>
      <object_component id="oc-58">
         <name>.text:TI_memcpy_small</name>
         <load_address>0x3b0</load_address>
         <readonly>true</readonly>
         <executable>true</executable>
         <run_address>0x3b0</run_address>
         <size>0x12</size>
         <alignment>0x1</alignment>
         <input_file_ref idref="fl-ed"/>
      </object_component>
      <object_component id="oc-23">
         <name>.text:decompress:none</name>
         <load_address>0x3c2</load_address>
         <readonly>true</readonly>
         <executable>true</executable>
         <run_address>0x3c2</run_address>
         <size>0xe</size>
         <alignment>0x2</alignment>
         <input_file_ref idref="fl-42"/>
      </object_component>
      <object_component id="oc-3b">
         <name>.text.__aeabi_memcpy</name>
         <load_address>0x3d0</load_address>
         <readonly>true</readonly>
         <executable>true</executable>
         <run_address>0x3d0</run_address>
         <size>0x4</size>
         <alignment>0x4</alignment>
         <input_file_ref idref="fl-e7"/>
      </object_component>
      <object_component id="oc-71">
         <name>.binit</name>
         <load_address>0x0</load_address>
         <readonly>true</readonly>
         <run_address>0x0</run_address>
         <size>0x0</size>
         <alignment>0x4</alignment>
      </object_component>
      <object_component id="oc-a6">
         <name>.cinit..data.load</name>
         <load_address>0x3dc</load_address>
         <readonly>true</readonly>
         <run_address>0x3dc</run_address>
         <size>0x15</size>
         <alignment>0x1</alignment>
      </object_component>
      <object_component id="oc-a4">
         <name>__TI_handler_table</name>
         <load_address>0x3f4</load_address>
         <readonly>true</readonly>
         <run_address>0x3f4</run_address>
         <size>0x8</size>
         <alignment>0x4</alignment>
      </object_component>
      <object_component id="oc-a5">
         <name>__TI_cinit_table</name>
         <load_address>0x3fc</load_address>
         <readonly>true</readonly>
         <run_address>0x3fc</run_address>
         <size>0x8</size>
         <alignment>0x4</alignment>
      </object_component>
      <object_component id="oc-1d">
         <name>.ccfg</name>
         <load_address>0x57fa8</load_address>
         <readonly>true</readonly>
         <run_address>0x57fa8</run_address>
         <size>0x58</size>
         <alignment>0x4</alignment>
         <input_file_ref idref="fl-2"/>
      </object_component>
      <object_component id="oc-49">
         <name>.data</name>
         <load_address>0x20004000</load_address>
         <readwrite>true</readwrite>
         <run_address>0x20004000</run_address>
         <size>0x310</size>
         <alignment>0x200</alignment>
         <input_file_ref idref="fl-1"/>
      </object_component>
      <object_component id="oc-32">
         <name>.sysmem</name>
         <uninitialized>true</uninitialized>
         <readwrite>true</readwrite>
         <run_address>0x20000000</run_address>
         <size>0x10</size>
         <alignment>0x8</alignment>
         <input_file_ref idref="fl-40"/>
      </object_component>
      <object_component id="oc-a8">
         <name>.sysmem</name>
         <uninitialized>true</uninitialized>
         <readwrite>true</readwrite>
         <run_address>0x20000000</run_address>
         <size>0x0</size>
         <alignment>0x4</alignment>
      </object_component>
      <object_component id="oc-34">
         <name>.debug_abbrev</name>
         <load_address>0x0</load_address>
         <run_address>0x0</run_address>
         <size>0x5a</size>
         <alignment>0x1</alignment>
         <input_file_ref idref="fl-2"/>
      </object_component>
      <object_component id="oc-4a">
         <name>.debug_abbrev</name>
         <load_address>0x5a</load_address>
         <run_address>0x5a</run_address>
         <size>0x2ad</size>
         <alignment>0x1</alignment>
         <input_file_ref idref="fl-40"/>
      </object_component>
      <object_component id="oc-3f">
         <name>.debug_abbrev</name>
         <load_address>0x307</load_address>
         <run_address>0x307</run_address>
         <size>0x70</size>
         <alignment>0x1</alignment>
         <input_file_ref idref="fl-42"/>
      </object_component>
      <object_component id="oc-37">
         <name>.debug_abbrev</name>
         <load_address>0x377</load_address>
         <run_address>0x377</run_address>
         <size>0x9c</size>
         <alignment>0x1</alignment>
         <input_file_ref idref="fl-43"/>
      </object_component>
      <object_component id="oc-50">
         <name>.debug_abbrev</name>
         <load_address>0x413</load_address>
         <run_address>0x413</run_address>
         <size>0x27</size>
         <alignment>0x1</alignment>
         <input_file_ref idref="fl-e7"/>
      </object_component>
      <object_component id="oc-60">
         <name>.debug_abbrev</name>
         <load_address>0x43a</load_address>
         <run_address>0x43a</run_address>
         <size>0x25</size>
         <alignment>0x1</alignment>
         <input_file_ref idref="fl-ed"/>
      </object_component>
      <object_component id="oc-ac">
         <name>.debug_abbrev</name>
         <load_address>0x45f</load_address>
         <run_address>0x45f</run_address>
         <size>0xf</size>
         <alignment>0x0</alignment>
      </object_component>
      <object_component id="oc-1e">
         <name>.debug_info</name>
         <load_address>0x0</load_address>
         <run_address>0x0</run_address>
         <size>0x16c</size>
         <alignment>0x1</alignment>
         <input_file_ref idref="fl-2"/>
      </object_component>
      <object_component id="oc-33">
         <name>.debug_info</name>
         <load_address>0x16c</load_address>
         <run_address>0x16c</run_address>
         <size>0xac8</size>
         <alignment>0x1</alignment>
         <input_file_ref idref="fl-40"/>
      </object_component>
      <object_component id="oc-24">
         <name>.debug_info</name>
         <load_address>0xc34</load_address>
         <run_address>0xc34</run_address>
         <size>0xc6</size>
         <alignment>0x1</alignment>
         <input_file_ref idref="fl-42"/>
      </object_component>
      <object_component id="oc-20">
         <name>.debug_info</name>
         <load_address>0xcfa</load_address>
         <run_address>0xcfa</run_address>
         <size>0x17a</size>
         <alignment>0x1</alignment>
         <input_file_ref idref="fl-43"/>
      </object_component>
      <object_component id="oc-3c">
         <name>.debug_info</name>
         <load_address>0xe74</load_address>
         <run_address>0xe74</run_address>
         <size>0x1ac</size>
         <alignment>0x1</alignment>
         <input_file_ref idref="fl-e7"/>
      </object_component>
      <object_component id="oc-59">
         <name>.debug_info</name>
         <load_address>0x1020</load_address>
         <run_address>0x1020</run_address>
         <size>0x2ed</size>
         <alignment>0x1</alignment>
         <input_file_ref idref="fl-ed"/>
      </object_component>
      <object_component id="oc-ab">
         <name>.debug_info</name>
         <load_address>0x130d</load_address>
         <run_address>0x130d</run_address>
         <size>0xb9</size>
         <alignment>0x0</alignment>
      </object_component>
      <object_component id="oc-35">
         <name>.debug_str</name>
         <load_address>0x0</load_address>
         <run_address>0x0</run_address>
         <size>0x297</size>
         <alignment>0x1</alignment>
         <input_file_ref idref="fl-2"/>
      </object_component>
      <object_component id="oc-4b">
         <name>.debug_str</name>
         <load_address>0x297</load_address>
         <run_address>0x297</run_address>
         <size>0x3d3</size>
         <alignment>0x1</alignment>
         <input_file_ref idref="fl-40"/>
      </object_component>
      <object_component id="oc-40">
         <name>.debug_str</name>
         <load_address>0x66a</load_address>
         <run_address>0x66a</run_address>
         <size>0x170</size>
         <alignment>0x1</alignment>
         <input_file_ref idref="fl-42"/>
      </object_component>
      <object_component id="oc-38">
         <name>.debug_str</name>
         <load_address>0x7da</load_address>
         <run_address>0x7da</run_address>
         <size>0x1dd</size>
         <alignment>0x1</alignment>
         <input_file_ref idref="fl-43"/>
      </object_component>
      <object_component id="oc-36">
         <name>.debug_line</name>
         <load_address>0x0</load_address>
         <run_address>0x0</run_address>
         <size>0x1b5</size>
         <alignment>0x1</alignment>
         <input_file_ref idref="fl-2"/>
      </object_component>
      <object_component id="oc-4c">
         <name>.debug_line</name>
         <load_address>0x1b5</load_address>
         <run_address>0x1b5</run_address>
         <size>0x693</size>
         <alignment>0x1</alignment>
         <input_file_ref idref="fl-40"/>
      </object_component>
      <object_component id="oc-26">
         <name>.debug_line</name>
         <load_address>0x848</load_address>
         <run_address>0x848</run_address>
         <size>0x5f</size>
         <alignment>0x1</alignment>
         <input_file_ref idref="fl-42"/>
      </object_component>
      <object_component id="oc-22">
         <name>.debug_line</name>
         <load_address>0x8a7</load_address>
         <run_address>0x8a7</run_address>
         <size>0x117</size>
         <alignment>0x1</alignment>
         <input_file_ref idref="fl-43"/>
      </object_component>
      <object_component id="oc-3e">
         <name>.debug_line</name>
         <load_address>0x9be</load_address>
         <run_address>0x9be</run_address>
         <size>0xaa</size>
         <alignment>0x1</alignment>
         <input_file_ref idref="fl-e7"/>
      </object_component>
      <object_component id="oc-5c">
         <name>.debug_line</name>
         <load_address>0xa68</load_address>
         <run_address>0xa68</run_address>
         <size>0xa1</size>
         <alignment>0x1</alignment>
         <input_file_ref idref="fl-ed"/>
      </object_component>
      <object_component id="oc-4e">
         <name>.debug_loc</name>
         <load_address>0x0</load_address>
         <run_address>0x0</run_address>
         <size>0x7c5</size>
         <alignment>0x1</alignment>
         <input_file_ref idref="fl-40"/>
      </object_component>
      <object_component id="oc-41">
         <name>.debug_loc</name>
         <load_address>0x7c5</load_address>
         <run_address>0x7c5</run_address>
         <size>0x6f</size>
         <alignment>0x1</alignment>
         <input_file_ref idref="fl-42"/>
      </object_component>
      <object_component id="oc-39">
         <name>.debug_loc</name>
         <load_address>0x834</load_address>
         <run_address>0x834</run_address>
         <size>0x11c</size>
         <alignment>0x1</alignment>
         <input_file_ref idref="fl-43"/>
      </object_component>
      <object_component id="oc-4d">
         <name>.debug_ranges</name>
         <load_address>0x0</load_address>
         <run_address>0x0</run_address>
         <size>0x168</size>
         <alignment>0x1</alignment>
         <input_file_ref idref="fl-40"/>
      </object_component>
      <object_component id="oc-3a">
         <name>.debug_ranges</name>
         <load_address>0x168</load_address>
         <run_address>0x168</run_address>
         <size>0x60</size>
         <alignment>0x1</alignment>
         <input_file_ref idref="fl-43"/>
      </object_component>
      <object_component id="oc-5b">
         <name>.debug_ranges</name>
         <load_address>0x1c8</load_address>
         <run_address>0x1c8</run_address>
         <size>0x28</size>
         <alignment>0x1</alignment>
         <input_file_ref idref="fl-ed"/>
      </object_component>
      <object_component id="oc-25">
         <name>.debug_frame</name>
         <load_address>0x0</load_address>
         <run_address>0x0</run_address>
         <size>0x20</size>
         <alignment>0x4</alignment>
         <input_file_ref idref="fl-42"/>
      </object_component>
      <object_component id="oc-21">
         <name>.debug_frame</name>
         <load_address>0x20</load_address>
         <run_address>0x20</run_address>
         <size>0x30</size>
         <alignment>0x4</alignment>
         <input_file_ref idref="fl-43"/>
      </object_component>
      <object_component id="oc-3d">
         <name>.debug_aranges</name>
         <load_address>0x0</load_address>
         <run_address>0x0</run_address>
         <size>0x20</size>
         <alignment>0x1</alignment>
         <input_file_ref idref="fl-e7"/>
      </object_component>
      <object_component id="oc-5a">
         <name>.debug_aranges</name>
         <load_address>0x20</load_address>
         <run_address>0x20</run_address>
         <size>0x28</size>
         <alignment>0x1</alignment>
         <input_file_ref idref="fl-ed"/>
      </object_component>
      <object_component id="oc-aa">
         <name>.args</name>
         <load_address>0x3d4</load_address>
         <readwrite>true</readwrite>
         <run_address>0x3d4</run_address>
         <size>0x0</size>
         <alignment>0x4</alignment>
      </object_component>
   </object_component_list>
   <logical_group_list>
      <logical_group id="lg-3" display="no" color="cyan">
         <name>.resetVecs</name>
         <run_address>0x0</run_address>
         <size>0x0</size>
         <contents>
         </contents>
      </logical_group>
      <logical_group id="lg-4" display="no" color="cyan">
         <name>.text</name>
         <load_address>0x0</load_address>
         <run_address>0x0</run_address>
         <size>0x3d4</size>
         <contents>
            <object_component_ref idref="oc-28"/>
            <object_component_ref idref="oc-1f"/>
            <object_component_ref idref="oc-58"/>
            <object_component_ref idref="oc-23"/>
            <object_component_ref idref="oc-3b"/>
         </contents>
      </logical_group>
      <logical_group id="lg-5" display="no" color="cyan">
         <name>.TI.ramfunc</name>
         <run_address>0x0</run_address>
         <size>0x0</size>
         <contents>
         </contents>
      </logical_group>
      <logical_group id="lg-6" display="no" color="cyan">
         <name>.const</name>
         <run_address>0x0</run_address>
         <size>0x0</size>
         <contents>
         </contents>
      </logical_group>
      <logical_group id="lg-7" display="no" color="cyan">
         <name>.constdata</name>
         <run_address>0x0</run_address>
         <size>0x0</size>
         <contents>
         </contents>
      </logical_group>
      <logical_group id="lg-8" display="no" color="cyan">
         <name>.rodata</name>
         <run_address>0x0</run_address>
         <size>0x0</size>
         <contents>
         </contents>
      </logical_group>
      <logical_group id="lg-9" display="no" color="cyan">
         <name>.binit</name>
         <load_address>0x0</load_address>
         <run_address>0x0</run_address>
         <size>0x0</size>
         <contents>
            <object_component_ref idref="oc-71"/>
         </contents>
      </logical_group>
      <logical_group id="lg-a" display="no" color="cyan">
         <name>.cinit</name>
         <load_address>0x3dc</load_address>
         <run_address>0x3dc</run_address>
         <size>0x28</size>
         <contents>
            <object_component_ref idref="oc-a6"/>
            <object_component_ref idref="oc-a4"/>
            <object_component_ref idref="oc-a5"/>
         </contents>
      </logical_group>
      <logical_group id="lg-b" display="no" color="cyan">
         <name>.pinit</name>
         <run_address>0x0</run_address>
         <size>0x0</size>
         <contents>
         </contents>
      </logical_group>
      <logical_group id="lg-c" display="no" color="cyan">
         <name>.init_array</name>
         <run_address>0x0</run_address>
         <size>0x0</size>
         <contents>
         </contents>
      </logical_group>
      <logical_group id="lg-d" display="no" color="cyan">
         <name>.emb_text</name>
         <run_address>0x0</run_address>
         <size>0x0</size>
         <contents>
         </contents>
      </logical_group>
      <logical_group id="lg-e" display="no" color="cyan">
         <name>.ccfg</name>
         <load_address>0x57fa8</load_address>
         <run_address>0x57fa8</run_address>
         <size>0x58</size>
         <contents>
            <object_component_ref idref="oc-1d"/>
         </contents>
      </logical_group>
      <logical_group id="lg-f" display="no" color="cyan">
         <name>.ramVecs</name>
         <run_address>0x0</run_address>
         <size>0x0</size>
         <contents>
         </contents>
      </logical_group>
      <logical_group id="lg-10" display="no" color="cyan">
         <name>.data</name>
         <run_address>0x20004000</run_address>
         <size>0x310</size>
         <contents>
            <object_component_ref idref="oc-49"/>
         </contents>
      </logical_group>
      <logical_group id="lg-11" display="no" color="cyan">
         <name>.bss</name>
         <run_address>0x0</run_address>
         <size>0x0</size>
         <contents>
         </contents>
      </logical_group>
      <logical_group id="lg-12" display="no" color="cyan">
         <name>.sysmem</name>
         <run_address>0x20000000</run_address>
         <size>0x4000</size>
         <contents>
            <object_component_ref idref="oc-32"/>
            <object_component_ref idref="oc-a8"/>
         </contents>
      </logical_group>
      <logical_group id="lg-13" display="no" color="cyan">
         <name>.stack</name>
         <run_address>0x0</run_address>
         <size>0x0</size>
         <contents>
         </contents>
      </logical_group>
      <logical_group id="lg-14" display="no" color="cyan">
         <name>.nonretenvar</name>
         <run_address>0x0</run_address>
         <size>0x0</size>
         <contents>
         </contents>
      </logical_group>
      <logical_group id="lg-15" display="no" color="cyan">
         <name>.gpram</name>
         <run_address>0x0</run_address>
         <size>0x0</size>
         <contents>
         </contents>
      </logical_group>
      <logical_group id="lg-16" display="no" color="cyan">
         <name>.log_data</name>
         <run_address>0x90000000</run_address>
         <size>0x0</size>
         <contents>
         </contents>
      </logical_group>
      <logical_group id="lg-17" display="no" color="cyan">
         <name>.log_ptr</name>
         <run_address>0x94000008</run_address>
         <size>0x0</size>
         <contents>
         </contents>
      </logical_group>
      <logical_group id="lg-68" display="no" color="cyan">
         <name>.TI.noinit</name>
         <run_address>0x0</run_address>
         <size>0x0</size>
         <contents>
         </contents>
      </logical_group>
      <logical_group id="lg-69" display="no" color="cyan">
         <name>.TI.persistent</name>
         <run_address>0x0</run_address>
         <size>0x0</size>
         <contents>
         </contents>
      </logical_group>
      <logical_group id="lg-6a" display="no" color="cyan">
         <name>.TI.local</name>
         <run_address>0x0</run_address>
         <size>0x0</size>
         <contents>
         </contents>
      </logical_group>
      <logical_group id="lg-6b" display="no" color="cyan">
         <name>.TI.onchip</name>
         <run_address>0x0</run_address>
         <size>0x0</size>
         <contents>
         </contents>
      </logical_group>
      <logical_group id="lg-6c" display="no" color="cyan">
         <name>.TI.offchip</name>
         <run_address>0x0</run_address>
         <size>0x0</size>
         <contents>
         </contents>
      </logical_group>
      <logical_group id="lg-6d" display="no" color="cyan">
         <name>__llvm_prf_cnts</name>
         <run_address>0x20000000</run_address>
         <size>0x0</size>
         <contents>
         </contents>
      </logical_group>
      <logical_group id="lg-6f" display="no" color="cyan">
         <name>__llvm_prf_bits</name>
         <run_address>0x20000000</run_address>
         <size>0x0</size>
         <contents>
         </contents>
      </logical_group>
      <logical_group id="lg-8e" display="never" color="cyan">
         <name>.debug_abbrev</name>
         <load_address>0x0</load_address>
         <run_address>0x0</run_address>
         <size>0x46e</size>
         <contents>
            <object_component_ref idref="oc-34"/>
            <object_component_ref idref="oc-4a"/>
            <object_component_ref idref="oc-3f"/>
            <object_component_ref idref="oc-37"/>
            <object_component_ref idref="oc-50"/>
            <object_component_ref idref="oc-60"/>
            <object_component_ref idref="oc-ac"/>
         </contents>
      </logical_group>
      <logical_group id="lg-90" display="never" color="cyan">
         <name>.debug_info</name>
         <load_address>0x0</load_address>
         <run_address>0x0</run_address>
         <size>0x13c6</size>
         <contents>
            <object_component_ref idref="oc-1e"/>
            <object_component_ref idref="oc-33"/>
            <object_component_ref idref="oc-24"/>
            <object_component_ref idref="oc-20"/>
            <object_component_ref idref="oc-3c"/>
            <object_component_ref idref="oc-59"/>
            <object_component_ref idref="oc-ab"/>
         </contents>
      </logical_group>
      <logical_group id="lg-92" display="never" color="cyan">
         <name>.debug_str</name>
         <load_address>0x0</load_address>
         <run_address>0x0</run_address>
         <size>0x9b7</size>
         <contents>
            <object_component_ref idref="oc-35"/>
            <object_component_ref idref="oc-4b"/>
            <object_component_ref idref="oc-40"/>
            <object_component_ref idref="oc-38"/>
         </contents>
      </logical_group>
      <logical_group id="lg-94" display="never" color="cyan">
         <name>.debug_line</name>
         <load_address>0x0</load_address>
         <run_address>0x0</run_address>
         <size>0xb09</size>
         <contents>
            <object_component_ref idref="oc-36"/>
            <object_component_ref idref="oc-4c"/>
            <object_component_ref idref="oc-26"/>
            <object_component_ref idref="oc-22"/>
            <object_component_ref idref="oc-3e"/>
            <object_component_ref idref="oc-5c"/>
         </contents>
      </logical_group>
      <logical_group id="lg-96" display="never" color="cyan">
         <name>.debug_loc</name>
         <load_address>0x0</load_address>
         <run_address>0x0</run_address>
         <size>0x950</size>
         <contents>
            <object_component_ref idref="oc-4e"/>
            <object_component_ref idref="oc-41"/>
            <object_component_ref idref="oc-39"/>
         </contents>
      </logical_group>
      <logical_group id="lg-98" display="never" color="cyan">
         <name>.debug_ranges</name>
         <load_address>0x0</load_address>
         <run_address>0x0</run_address>
         <size>0x1f0</size>
         <contents>
            <object_component_ref idref="oc-4d"/>
            <object_component_ref idref="oc-3a"/>
            <object_component_ref idref="oc-5b"/>
         </contents>
      </logical_group>
      <logical_group id="lg-9a" display="never" color="cyan">
         <name>.debug_frame</name>
         <load_address>0x0</load_address>
         <run_address>0x0</run_address>
         <size>0x50</size>
         <contents>
            <object_component_ref idref="oc-25"/>
            <object_component_ref idref="oc-21"/>
         </contents>
      </logical_group>
      <logical_group id="lg-9e" display="never" color="cyan">
         <name>.debug_aranges</name>
         <load_address>0x0</load_address>
         <run_address>0x0</run_address>
         <size>0x48</size>
         <contents>
            <object_component_ref idref="oc-3d"/>
            <object_component_ref idref="oc-5a"/>
         </contents>
      </logical_group>
      <logical_group id="lg-a7" display="no" color="cyan">
         <name>Veneer$$CMSE</name>
         <run_address>0x0</run_address>
         <size>0x0</size>
         <contents>
         </contents>
      </logical_group>
      <logical_group id="lg-a9" display="no" color="cyan">
         <name>.args</name>
         <load_address>0x3d4</load_address>
         <run_address>0x3d4</run_address>
         <size>0x8</size>
         <contents>
            <object_component_ref idref="oc-aa"/>
         </contents>
      </logical_group>
      <load_segment id="lg-af" display="no" color="cyan">
         <name>SEGMENT_0</name>
         <load_address>0x0</load_address>
         <run_address>0x0</run_address>
         <size>0x3d4</size>
         <flags>0x5</flags>
         <contents>
            <logical_group_ref idref="lg-4"/>
         </contents>
      </load_segment>
      <load_segment id="lg-b0" display="no" color="cyan">
         <name>SEGMENT_1</name>
         <load_address>0x3d4</load_address>
         <run_address>0x3d4</run_address>
         <size>0x8</size>
         <flags>0x6</flags>
         <contents>
            <logical_group_ref idref="lg-a9"/>
         </contents>
      </load_segment>
      <load_segment id="lg-b1" display="no" color="cyan">
         <name>SEGMENT_2</name>
         <load_address>0x3dc</load_address>
         <run_address>0x3dc</run_address>
         <size>0x28</size>
         <flags>0x4</flags>
         <contents>
            <logical_group_ref idref="lg-a"/>
         </contents>
      </load_segment>
      <load_segment id="lg-b2" display="no" color="cyan">
         <name>SEGMENT_3</name>
         <load_address>0x57fa8</load_address>
         <run_address>0x57fa8</run_address>
         <size>0x58</size>
         <flags>0x4</flags>
         <contents>
            <logical_group_ref idref="lg-e"/>
         </contents>
      </load_segment>
      <load_segment id="lg-b3" display="no" color="cyan">
         <name>SEGMENT_4</name>
         <run_address>0x20000000</run_address>
         <size>0x4310</size>
         <flags>0x6</flags>
         <contents>
            <logical_group_ref idref="lg-12"/>
            <logical_group_ref idref="lg-10"/>
         </contents>
      </load_segment>
   </logical_group_list>
   <placement_map>
      <memory_area display="yes" color="green">
         <name>FLASH</name>
         <page_id>0x0</page_id>
         <origin>0x0</origin>
         <length>0x58000</length>
         <used_space>0x45c</used_space>
         <unused_space>0x57ba4</unused_space>
         <attributes>RX</attributes>
         <usage_details>
            <allocated_space>
               <start_address>0x0</start_address>
               <size>0x0</size>
               <logical_group_ref idref="lg-9"/>
            </allocated_space>
            <allocated_space>
               <start_address>0x0</start_address>
               <size>0x3d4</size>
               <logical_group_ref idref="lg-4"/>
            </allocated_space>
            <allocated_space>
               <start_address>0x3d4</start_address>
               <size>0x8</size>
               <logical_group_ref idref="lg-a9"/>
            </allocated_space>
            <allocated_space>
               <start_address>0x3dc</start_address>
               <size>0x28</size>
               <logical_group_ref idref="lg-a"/>
            </allocated_space>
            <available_space>
               <start_address>0x404</start_address>
               <size>0x57ba4</size>
            </available_space>
            <allocated_space>
               <start_address>0x57fa8</start_address>
               <size>0x58</size>
               <logical_group_ref idref="lg-e"/>
            </allocated_space>
         </usage_details>
      </memory_area>
      <memory_area display="yes" color="green">
         <name>GPRAM</name>
         <page_id>0x0</page_id>
         <origin>0x11000000</origin>
         <length>0x2000</length>
         <used_space>0x0</used_space>
         <unused_space>0x2000</unused_space>
         <attributes>RWX</attributes>
         <usage_details>
         </usage_details>
      </memory_area>
      <memory_area display="yes" color="green">
         <name>SRAM</name>
         <page_id>0x0</page_id>
         <origin>0x20000000</origin>
         <length>0x14000</length>
         <used_space>0x4310</used_space>
         <unused_space>0xfcf0</unused_space>
         <attributes>RWX</attributes>
         <usage_details>
            <allocated_space>
               <start_address>0x20000000</start_address>
               <size>0x0</size>
               <logical_group_ref idref="lg-6d"/>
            </allocated_space>
            <allocated_space>
               <start_address>0x20000000</start_address>
               <size>0x0</size>
               <logical_group_ref idref="lg-6f"/>
            </allocated_space>
            <allocated_space>
               <start_address>0x20000000</start_address>
               <size>0x4000</size>
               <logical_group_ref idref="lg-12"/>
            </allocated_space>
            <allocated_space>
               <start_address>0x20004000</start_address>
               <size>0x310</size>
               <logical_group_ref idref="lg-10"/>
            </allocated_space>
            <available_space>
               <start_address>0x20004310</start_address>
               <size>0xfcf0</size>
            </available_space>
         </usage_details>
      </memory_area>
      <memory_area display="yes" color="green">
         <name>LOG_DATA</name>
         <page_id>0x0</page_id>
         <origin>0x90000000</origin>
         <length>0x40000</length>
         <used_space>0x0</used_space>
         <unused_space>0x40000</unused_space>
         <attributes>R</attributes>
         <usage_details>
         </usage_details>
      </memory_area>
      <memory_area display="yes" color="green">
         <name>LOG_PTR</name>
         <page_id>0x0</page_id>
         <origin>0x94000008</origin>
         <length>0x40000</length>
         <used_space>0x0</used_space>
         <unused_space>0x40000</unused_space>
         <attributes>R</attributes>
         <usage_details>
         </usage_details>
      </memory_area>
   </placement_map>
   <cptbl_list>
      <cptbl>
         <name>__TI_cinit_table</name>
         <cprec>
            <name>.data</name>
            <load_address>0x3dc</load_address>
            <load_size>0x15</load_size>
            <run_address>0x20004000</run_address>
            <run_size>0x310</run_size>
            <compression>lzss</compression>
         </cprec>
      </cptbl>
   </cptbl_list>
   <handler_table>
      <handler_table_name>__TI_handler_table</handler_table_name>
      <handler>
         <index>0x0</index>
         <name>__TI_decompress_lzss</name>
      </handler>
      <handler>
         <index>0x1</index>
         <name>__TI_decompress_none</name>
      </handler>
   </handler_table>
   <symbol_table>
      <symbol id="sm-1">
         <name>__start___llvm_prf_cnts</name>
         <value>0x20000000</value>
      </symbol>
      <symbol id="sm-2">
         <name>__stop___llvm_prf_cnts</name>
         <value>0x20000000</value>
      </symbol>
      <symbol id="sm-3">
         <name>__start___llvm_prf_bits</name>
         <value>0x20000000</value>
      </symbol>
      <symbol id="sm-4">
         <name>__stop___llvm_prf_bits</name>
         <value>0x20000000</value>
      </symbol>
      <symbol id="sm-5">
         <name>__TI_CINIT_Base</name>
         <value>0x3fc</value>
      </symbol>
      <symbol id="sm-6">
         <name>__TI_CINIT_Limit</name>
         <value>0x404</value>
      </symbol>
      <symbol id="sm-7">
         <name>__TI_CINIT_Warm</name>
         <value>0x404</value>
      </symbol>
      <symbol id="sm-8">
         <name>__TI_Handler_Table_Base</name>
         <value>0x3f4</value>
      </symbol>
      <symbol id="sm-9">
         <name>__TI_Handler_Table_Limit</name>
         <value>0x3fc</value>
      </symbol>
      <symbol id="sm-a">
         <name>binit</name>
         <value>0xffffffff</value>
      </symbol>
      <symbol id="sm-b">
         <name>__binit__</name>
         <value>0xffffffff</value>
      </symbol>
      <symbol id="sm-c">
         <name>__SYSMEM_SIZE</name>
         <value>0x4000</value>
      </symbol>
      <symbol id="sm-d">
         <name>__c_args__</name>
         <value>0x3d4</value>
      </symbol>
      <symbol id="sm-e">
         <name>__TI_pprof_out_hndl</name>
         <value>0xffffffff</value>
      </symbol>
      <symbol id="sm-f">
         <name>__TI_prof_data_start</name>
         <value>0xffffffff</value>
      </symbol>
      <symbol id="sm-10">
         <name>__TI_prof_data_size</name>
         <value>0xffffffff</value>
      </symbol>
      <symbol id="sm-71">
         <name>resetISR</name>
         <value>0x1</value>
         <object_component_ref idref="oc-28"/>
      </symbol>
      <symbol id="sm-76">
         <name>__ccfg</name>
         <value>0x57fa8</value>
         <object_component_ref idref="oc-1d"/>
      </symbol>
      <symbol id="sm-78">
         <name>__TI_ATRegion0_src_addr</name>
         <value>0x0</value>
      </symbol>
      <symbol id="sm-79">
         <name>__TI_ATRegion0_trg_addr</name>
         <value>0x0</value>
      </symbol>
      <symbol id="sm-7a">
         <name>__TI_ATRegion0_region_sz</name>
         <value>0x0</value>
      </symbol>
      <symbol id="sm-7b">
         <name>__TI_ATRegion1_src_addr</name>
         <value>0x0</value>
      </symbol>
      <symbol id="sm-7c">
         <name>__TI_ATRegion1_trg_addr</name>
         <value>0x0</value>
      </symbol>
      <symbol id="sm-7d">
         <name>__TI_ATRegion1_region_sz</name>
         <value>0x0</value>
      </symbol>
      <symbol id="sm-7e">
         <name>__TI_ATRegion2_src_addr</name>
         <value>0x0</value>
      </symbol>
      <symbol id="sm-7f">
         <name>__TI_ATRegion2_trg_addr</name>
         <value>0x0</value>
      </symbol>
      <symbol id="sm-80">
         <name>__TI_ATRegion2_region_sz</name>
         <value>0x0</value>
      </symbol>
      <symbol id="sm-9c">
         <name>_sys_memory</name>
         <value>0x20000000</value>
         <object_component_ref idref="oc-32"/>
      </symbol>
      <symbol id="sm-a6">
         <name>__TI_decompress_none</name>
         <value>0x3c3</value>
         <object_component_ref idref="oc-23"/>
      </symbol>
      <symbol id="sm-b0">
         <name>__TI_decompress_lzss</name>
         <value>0x33d</value>
         <object_component_ref idref="oc-1f"/>
      </symbol>
      <symbol id="sm-b7">
         <name>__aeabi_memcpy</name>
         <value>0x3d1</value>
         <object_component_ref idref="oc-3b"/>
      </symbol>
      <symbol id="sm-b8">
         <name>__aeabi_memcpy4</name>
         <value>0x3d1</value>
         <object_component_ref idref="oc-3b"/>
      </symbol>
      <symbol id="sm-b9">
         <name>__aeabi_memcpy8</name>
         <value>0x3d1</value>
         <object_component_ref idref="oc-3b"/>
      </symbol>
      <symbol id="sm-c3">
         <name>TI_memcpy_small</name>
         <value>0x3b1</value>
         <object_component_ref idref="oc-58"/>
      </symbol>
      <symbol id="sm-c4">
         <name>__TI_static_base__</name>
         <value>0x0</value>
      </symbol>
   </symbol_table>
   <title>Link successful</title>
</link_info>
