<?xml version="1.0" encoding="ISO-8859-1" ?>
<link_info>
   <banner>TI ARM Clang Linker Unix v4.0.3.LTS</banner>
   <copyright>Copyright (c) 1996-2018 Texas Instruments Incorporated</copyright>
   <command_line>/opt/ccstudio/ccs/tools/compiler/ti-cgt-armllvm_4.0.3.LTS/bin/tiarmlnk -I/opt/ccstudio/ccs/tools/compiler/ti-cgt-armllvm_4.0.3.LTS/lib -o led_button.out -mled_button.map -i/home/steven/ti/simplelink_cc13xx_cc26xx_sdk_8_31_00_11/source -i/home/steven/ti/simplelink_cc13xx_cc26xx_sdk_8_31_00_11/kernel/nortos -i/home/steven/Documents/ee110/ee110a/workspace_ccstheia/led_button/Debug/syscfg -i/opt/ccstudio/ccs/tools/compiler/ti-cgt-armllvm_4.0.3.LTS/lib --diag_wrap=off --display_error_number --warn_sections --xml_link_info=led_button_linkInfo.xml --rom_model ./LEDButton.o ./syscfg/ti_devices_config.o ./syscfg/ti_drivers_config.o ../cc13x2_cc26x2_nortos.cmd -lti_utils_build_linker.cmd.genlibs -llibc.a --start-group -llibc++.a -llibc++abi.a -llibc.a -llibsys.a -llibsysbm.a -llibclang_rt.builtins.a -llibclang_rt.profile.a --end-group --cg_opt_level=z</command_line>
   <link_time>0x6903f4ed</link_time>
   <link_errors>0x0</link_errors>
   <output_file>/home/steven/Documents/ee110/ee110a/workspace_ccstheia/led_button/Debug/led_button.out</output_file>
   <entry_point>
      <name>resetISR</name>
      <address>0x1</address>
   </entry_point>
   <input_file_list>
      <input_file id="fl-1">
         <path>/home/steven/Documents/ee110/ee110a/workspace_ccstheia/led_button/Debug/./</path>
         <kind>object</kind>
         <file>LEDButton.o</file>
         <name>LEDButton.o</name>
      </input_file>
      <input_file id="fl-2">
         <path>/home/steven/Documents/ee110/ee110a/workspace_ccstheia/led_button/Debug/./syscfg/</path>
         <kind>object</kind>
         <file>ti_devices_config.o</file>
         <name>ti_devices_config.o</name>
      </input_file>
      <input_file id="fl-3">
         <path>/home/steven/Documents/ee110/ee110a/workspace_ccstheia/led_button/Debug/./syscfg/</path>
         <kind>object</kind>
         <file>ti_drivers_config.o</file>
         <name>ti_drivers_config.o</name>
      </input_file>
      <input_file id="fl-14">
         <path>/home/steven/Documents/ee110/ee110a/workspace_ccstheia/led_button/Debug/</path>
         <kind>object</kind>
         <file>&lt;internal&gt;</file>
         <name>&lt;internal&gt;</name>
      </input_file>
      <input_file id="fl-15">
         <path>/home/steven/ti/simplelink_cc13xx_cc26xx_sdk_8_31_00_11/kernel/nortos/lib/ticlang/m4f/</path>
         <kind>archive</kind>
         <file>nortos_cc26x2.a</file>
         <name>PowerCC26X2_nortos.c.obj</name>
      </input_file>
      <input_file id="fl-16">
         <path>/home/steven/ti/simplelink_cc13xx_cc26xx_sdk_8_31_00_11/kernel/nortos/lib/ticlang/m4f/</path>
         <kind>archive</kind>
         <file>nortos_cc26x2.a</file>
         <name>SwiP_nortos.c.obj</name>
      </input_file>
      <input_file id="fl-17">
         <path>/home/steven/ti/simplelink_cc13xx_cc26xx_sdk_8_31_00_11/kernel/nortos/lib/ticlang/m4f/</path>
         <kind>archive</kind>
         <file>nortos_cc26x2.a</file>
         <name>ClockPTimer_nortos.c.obj</name>
      </input_file>
      <input_file id="fl-18">
         <path>/home/steven/ti/simplelink_cc13xx_cc26xx_sdk_8_31_00_11/kernel/nortos/lib/ticlang/m4f/</path>
         <kind>archive</kind>
         <file>nortos_cc26x2.a</file>
         <name>QueueP_nortos.c.obj</name>
      </input_file>
      <input_file id="fl-19">
         <path>/home/steven/ti/simplelink_cc13xx_cc26xx_sdk_8_31_00_11/kernel/nortos/lib/ticlang/m4f/</path>
         <kind>archive</kind>
         <file>nortos_cc26x2.a</file>
         <name>HwiPCC26XX_nortos.c.obj</name>
      </input_file>
      <input_file id="fl-1a">
         <path>/home/steven/ti/simplelink_cc13xx_cc26xx_sdk_8_31_00_11/kernel/nortos/lib/ticlang/m4f/</path>
         <kind>archive</kind>
         <file>nortos_cc26x2.a</file>
         <name>TimerPCC26XX_nortos.c.obj</name>
      </input_file>
      <input_file id="fl-1b">
         <path>/home/steven/ti/simplelink_cc13xx_cc26xx_sdk_8_31_00_11/kernel/nortos/lib/ticlang/m4f/</path>
         <kind>archive</kind>
         <file>nortos_cc26x2.a</file>
         <name>SemaphoreP_nortos.c.obj</name>
      </input_file>
      <input_file id="fl-1c">
         <path>/home/steven/ti/simplelink_cc13xx_cc26xx_sdk_8_31_00_11/source/ti/drivers/lib/ticlang/m4f/</path>
         <kind>archive</kind>
         <file>drivers_cc26x2.a</file>
         <name>GPIO.c.obj</name>
      </input_file>
      <input_file id="fl-1d">
         <path>/home/steven/ti/simplelink_cc13xx_cc26xx_sdk_8_31_00_11/source/ti/drivers/lib/ticlang/m4f/</path>
         <kind>archive</kind>
         <file>drivers_cc26x2.a</file>
         <name>GPIOCC26XX.c.obj</name>
      </input_file>
      <input_file id="fl-1e">
         <path>/home/steven/ti/simplelink_cc13xx_cc26xx_sdk_8_31_00_11/source/ti/drivers/lib/ticlang/m4f/</path>
         <kind>archive</kind>
         <file>drivers_cc26x2.a</file>
         <name>PowerCC26X2.c.obj</name>
      </input_file>
      <input_file id="fl-1f">
         <path>/home/steven/ti/simplelink_cc13xx_cc26xx_sdk_8_31_00_11/source/ti/drivers/lib/ticlang/m4f/</path>
         <kind>archive</kind>
         <file>drivers_cc26x2.a</file>
         <name>PowerCC26X2_calibrateRCOSC.c.obj</name>
      </input_file>
      <input_file id="fl-20">
         <path>/home/steven/ti/simplelink_cc13xx_cc26xx_sdk_8_31_00_11/source/ti/drivers/lib/ticlang/m4f/</path>
         <kind>archive</kind>
         <file>drivers_cc26x2.a</file>
         <name>TemperatureCC26X2.c.obj</name>
      </input_file>
      <input_file id="fl-21">
         <path>/home/steven/ti/simplelink_cc13xx_cc26xx_sdk_8_31_00_11/source/ti/drivers/lib/ticlang/m4f/</path>
         <kind>archive</kind>
         <file>drivers_cc26x2.a</file>
         <name>GPIOCC26X2.c.obj</name>
      </input_file>
      <input_file id="fl-22">
         <path>/home/steven/ti/simplelink_cc13xx_cc26xx_sdk_8_31_00_11/source/ti/drivers/lib/ticlang/m4f/</path>
         <kind>archive</kind>
         <file>drivers_cc26x2.a</file>
         <name>PowerCC26X2_calibrateRCOSC_helpers.c.obj</name>
      </input_file>
      <input_file id="fl-23">
         <path>/home/steven/ti/simplelink_cc13xx_cc26xx_sdk_8_31_00_11/source/ti/drivers/lib/ticlang/m4f/</path>
         <kind>archive</kind>
         <file>drivers_cc26x2.a</file>
         <name>PowerCC26X2_helpers.c.obj</name>
      </input_file>
      <input_file id="fl-24">
         <path>/home/steven/ti/simplelink_cc13xx_cc26xx_sdk_8_31_00_11/source/ti/drivers/lib/ticlang/m4f/</path>
         <kind>archive</kind>
         <file>drivers_cc26x2.a</file>
         <name>List.c.obj</name>
      </input_file>
      <input_file id="fl-25">
         <path>/home/steven/ti/simplelink_cc13xx_cc26xx_sdk_8_31_00_11/source/ti/devices/cc13x2_cc26x2/driverlib/bin/ticlang/</path>
         <kind>archive</kind>
         <file>driverlib.lib</file>
         <name>cpu.c.obj</name>
      </input_file>
      <input_file id="fl-26">
         <path>/home/steven/ti/simplelink_cc13xx_cc26xx_sdk_8_31_00_11/source/ti/devices/cc13x2_cc26x2/driverlib/bin/ticlang/</path>
         <kind>archive</kind>
         <file>driverlib.lib</file>
         <name>interrupt.c.obj</name>
      </input_file>
      <input_file id="fl-27">
         <path>/home/steven/ti/simplelink_cc13xx_cc26xx_sdk_8_31_00_11/source/ti/devices/cc13x2_cc26x2/driverlib/bin/ticlang/</path>
         <kind>archive</kind>
         <file>driverlib.lib</file>
         <name>osc.c.obj</name>
      </input_file>
      <input_file id="fl-28">
         <path>/home/steven/ti/simplelink_cc13xx_cc26xx_sdk_8_31_00_11/source/ti/devices/cc13x2_cc26x2/driverlib/bin/ticlang/</path>
         <kind>archive</kind>
         <file>driverlib.lib</file>
         <name>prcm.c.obj</name>
      </input_file>
      <input_file id="fl-29">
         <path>/home/steven/ti/simplelink_cc13xx_cc26xx_sdk_8_31_00_11/source/ti/devices/cc13x2_cc26x2/driverlib/bin/ticlang/</path>
         <kind>archive</kind>
         <file>driverlib.lib</file>
         <name>sys_ctrl.c.obj</name>
      </input_file>
      <input_file id="fl-40">
         <path>/opt/ccstudio/ccs/tools/compiler/ti-cgt-armllvm_4.0.3.LTS/lib/armv7em-ti-none-eabihf/c/</path>
         <kind>archive</kind>
         <file>libc.a</file>
         <name>memory.c.obj</name>
      </input_file>
      <input_file id="fl-41">
         <path>/opt/ccstudio/ccs/tools/compiler/ti-cgt-armllvm_4.0.3.LTS/lib/armv7em-ti-none-eabihf/c/</path>
         <kind>archive</kind>
         <file>libc.a</file>
         <name>copy_zero_init.c.obj</name>
      </input_file>
      <input_file id="fl-42">
         <path>/opt/ccstudio/ccs/tools/compiler/ti-cgt-armllvm_4.0.3.LTS/lib/armv7em-ti-none-eabihf/c/</path>
         <kind>archive</kind>
         <file>libc.a</file>
         <name>copy_decompress_none.c.obj</name>
      </input_file>
      <input_file id="fl-43">
         <path>/opt/ccstudio/ccs/tools/compiler/ti-cgt-armllvm_4.0.3.LTS/lib/armv7em-ti-none-eabihf/c/</path>
         <kind>archive</kind>
         <file>libc.a</file>
         <name>copy_decompress_lzss.c.obj</name>
      </input_file>
      <input_file id="fl-44">
         <path>/opt/ccstudio/ccs/tools/compiler/ti-cgt-armllvm_4.0.3.LTS/lib/armv7em-ti-none-eabihf/c/</path>
         <kind>archive</kind>
         <file>libc.a</file>
         <name>_lock.c.obj</name>
      </input_file>
      <input_file id="fl-e4">
         <path>/opt/ccstudio/ccs/tools/compiler/ti-cgt-armllvm_4.0.3.LTS/lib/armv7em-ti-none-eabihf/</path>
         <kind>archive</kind>
         <file>libclang_rt.builtins.a</file>
         <name>ashldi3.S.obj</name>
      </input_file>
      <input_file id="fl-e5">
         <path>/opt/ccstudio/ccs/tools/compiler/ti-cgt-armllvm_4.0.3.LTS/lib/armv7em-ti-none-eabihf/</path>
         <kind>archive</kind>
         <file>libclang_rt.builtins.a</file>
         <name>ashrdi3.S.obj</name>
      </input_file>
      <input_file id="fl-e6">
         <path>/opt/ccstudio/ccs/tools/compiler/ti-cgt-armllvm_4.0.3.LTS/lib/armv7em-ti-none-eabihf/</path>
         <kind>archive</kind>
         <file>libclang_rt.builtins.a</file>
         <name>aeabi_ldivmod.S.obj</name>
      </input_file>
      <input_file id="fl-e7">
         <path>/opt/ccstudio/ccs/tools/compiler/ti-cgt-armllvm_4.0.3.LTS/lib/armv7em-ti-none-eabihf/</path>
         <kind>archive</kind>
         <file>libclang_rt.builtins.a</file>
         <name>aeabi_memcpy.S.obj</name>
      </input_file>
      <input_file id="fl-e8">
         <path>/opt/ccstudio/ccs/tools/compiler/ti-cgt-armllvm_4.0.3.LTS/lib/armv7em-ti-none-eabihf/</path>
         <kind>archive</kind>
         <file>libclang_rt.builtins.a</file>
         <name>aeabi_memset.S.obj</name>
      </input_file>
      <input_file id="fl-e9">
         <path>/opt/ccstudio/ccs/tools/compiler/ti-cgt-armllvm_4.0.3.LTS/lib/armv7em-ti-none-eabihf/</path>
         <kind>archive</kind>
         <file>libclang_rt.builtins.a</file>
         <name>aeabi_uldivmod.S.obj</name>
      </input_file>
      <input_file id="fl-ea">
         <path>/opt/ccstudio/ccs/tools/compiler/ti-cgt-armllvm_4.0.3.LTS/lib/armv7em-ti-none-eabihf/</path>
         <kind>archive</kind>
         <file>libclang_rt.builtins.a</file>
         <name>udivmoddi4.S.obj</name>
      </input_file>
      <input_file id="fl-eb">
         <path>/opt/ccstudio/ccs/tools/compiler/ti-cgt-armllvm_4.0.3.LTS/lib/armv7em-ti-none-eabihf/</path>
         <kind>archive</kind>
         <file>libclang_rt.builtins.a</file>
         <name>divmoddi4.c.obj</name>
      </input_file>
      <input_file id="fl-ec">
         <path>/opt/ccstudio/ccs/tools/compiler/ti-cgt-armllvm_4.0.3.LTS/lib/armv7em-ti-none-eabihf/</path>
         <kind>archive</kind>
         <file>libclang_rt.builtins.a</file>
         <name>aeabi_div0.c.obj</name>
      </input_file>
      <input_file id="fl-ed">
         <path>/opt/ccstudio/ccs/tools/compiler/ti-cgt-armllvm_4.0.3.LTS/lib/armv7em-ti-none-eabihf/c/</path>
         <kind>archive</kind>
         <file>libc.a</file>
         <name>memcpy_t2.S.obj</name>
      </input_file>
      <input_file id="fl-ee">
         <path>/opt/ccstudio/ccs/tools/compiler/ti-cgt-armllvm_4.0.3.LTS/lib/armv7em-ti-none-eabihf/c/</path>
         <kind>archive</kind>
         <file>libc.a</file>
         <name>memset_t2.S.obj</name>
      </input_file>
   </input_file_list>
   <object_component_list>
      <object_component id="oc-28">
         <name>.text</name>
         <load_address>0x0</load_address>
         <readonly>true</readonly>
         <executable>true</executable>
         <run_address>0x0</run_address>
         <size>0xce</size>
         <alignment>0x2</alignment>
         <input_file_ref idref="fl-1"/>
      </object_component>
      <object_component id="oc-70">
         <name>.binit</name>
         <load_address>0x0</load_address>
         <readonly>true</readonly>
         <run_address>0x0</run_address>
         <size>0x0</size>
         <alignment>0x4</alignment>
      </object_component>
      <object_component id="oc-a4">
         <name>__TI_cinit_table</name>
         <load_address>0x0</load_address>
         <readonly>true</readonly>
         <run_address>0x0</run_address>
         <size>0x0</size>
         <alignment>0x4</alignment>
      </object_component>
      <object_component id="oc-1d">
         <name>.ccfg</name>
         <load_address>0x57fa8</load_address>
         <readonly>true</readonly>
         <run_address>0x57fa8</run_address>
         <size>0x58</size>
         <alignment>0x4</alignment>
         <input_file_ref idref="fl-2"/>
      </object_component>
      <object_component id="oc-32">
         <name>.sysmem</name>
         <uninitialized>true</uninitialized>
         <readwrite>true</readwrite>
         <run_address>0x20000000</run_address>
         <size>0x10</size>
         <alignment>0x8</alignment>
         <input_file_ref idref="fl-40"/>
      </object_component>
      <object_component id="oc-a6">
         <name>.sysmem</name>
         <uninitialized>true</uninitialized>
         <readwrite>true</readwrite>
         <run_address>0x20000000</run_address>
         <size>0x0</size>
         <alignment>0x4</alignment>
      </object_component>
      <object_component id="oc-34">
         <name>.debug_abbrev</name>
         <load_address>0x0</load_address>
         <run_address>0x0</run_address>
         <size>0x5a</size>
         <alignment>0x1</alignment>
         <input_file_ref idref="fl-2"/>
      </object_component>
      <object_component id="oc-49">
         <name>.debug_abbrev</name>
         <load_address>0x5a</load_address>
         <run_address>0x5a</run_address>
         <size>0x2ad</size>
         <alignment>0x1</alignment>
         <input_file_ref idref="fl-40"/>
      </object_component>
      <object_component id="oc-aa">
         <name>.debug_abbrev</name>
         <load_address>0x307</load_address>
         <run_address>0x307</run_address>
         <size>0xf</size>
         <alignment>0x0</alignment>
      </object_component>
      <object_component id="oc-1e">
         <name>.debug_info</name>
         <load_address>0x0</load_address>
         <run_address>0x0</run_address>
         <size>0x16c</size>
         <alignment>0x1</alignment>
         <input_file_ref idref="fl-2"/>
      </object_component>
      <object_component id="oc-33">
         <name>.debug_info</name>
         <load_address>0x16c</load_address>
         <run_address>0x16c</run_address>
         <size>0xac8</size>
         <alignment>0x1</alignment>
         <input_file_ref idref="fl-40"/>
      </object_component>
      <object_component id="oc-a9">
         <name>.debug_info</name>
         <load_address>0xc34</load_address>
         <run_address>0xc34</run_address>
         <size>0xbd</size>
         <alignment>0x0</alignment>
      </object_component>
      <object_component id="oc-35">
         <name>.debug_str</name>
         <load_address>0x0</load_address>
         <run_address>0x0</run_address>
         <size>0x29b</size>
         <alignment>0x1</alignment>
         <input_file_ref idref="fl-2"/>
      </object_component>
      <object_component id="oc-4a">
         <name>.debug_str</name>
         <load_address>0x29b</load_address>
         <run_address>0x29b</run_address>
         <size>0x3d3</size>
         <alignment>0x1</alignment>
         <input_file_ref idref="fl-40"/>
      </object_component>
      <object_component id="oc-36">
         <name>.debug_line</name>
         <load_address>0x0</load_address>
         <run_address>0x0</run_address>
         <size>0x1b5</size>
         <alignment>0x1</alignment>
         <input_file_ref idref="fl-2"/>
      </object_component>
      <object_component id="oc-4b">
         <name>.debug_line</name>
         <load_address>0x1b5</load_address>
         <run_address>0x1b5</run_address>
         <size>0x693</size>
         <alignment>0x1</alignment>
         <input_file_ref idref="fl-40"/>
      </object_component>
      <object_component id="oc-4d">
         <name>.debug_loc</name>
         <load_address>0x0</load_address>
         <run_address>0x0</run_address>
         <size>0x7c5</size>
         <alignment>0x1</alignment>
         <input_file_ref idref="fl-40"/>
      </object_component>
      <object_component id="oc-4c">
         <name>.debug_ranges</name>
         <load_address>0x0</load_address>
         <run_address>0x0</run_address>
         <size>0x168</size>
         <alignment>0x1</alignment>
         <input_file_ref idref="fl-40"/>
      </object_component>
      <object_component id="oc-a8">
         <name>.args</name>
         <load_address>0xd0</load_address>
         <readwrite>true</readwrite>
         <run_address>0xd0</run_address>
         <size>0x0</size>
         <alignment>0x4</alignment>
      </object_component>
   </object_component_list>
   <logical_group_list>
      <logical_group id="lg-3" display="no" color="cyan">
         <name>.resetVecs</name>
         <run_address>0x0</run_address>
         <size>0x0</size>
         <contents>
         </contents>
      </logical_group>
      <logical_group id="lg-4" display="no" color="cyan">
         <name>.text</name>
         <load_address>0x0</load_address>
         <run_address>0x0</run_address>
         <size>0xce</size>
         <contents>
            <object_component_ref idref="oc-28"/>
         </contents>
      </logical_group>
      <logical_group id="lg-5" display="no" color="cyan">
         <name>.TI.ramfunc</name>
         <run_address>0x0</run_address>
         <size>0x0</size>
         <contents>
         </contents>
      </logical_group>
      <logical_group id="lg-6" display="no" color="cyan">
         <name>.const</name>
         <run_address>0x0</run_address>
         <size>0x0</size>
         <contents>
         </contents>
      </logical_group>
      <logical_group id="lg-7" display="no" color="cyan">
         <name>.constdata</name>
         <run_address>0x0</run_address>
         <size>0x0</size>
         <contents>
         </contents>
      </logical_group>
      <logical_group id="lg-8" display="no" color="cyan">
         <name>.rodata</name>
         <run_address>0x0</run_address>
         <size>0x0</size>
         <contents>
         </contents>
      </logical_group>
      <logical_group id="lg-9" display="no" color="cyan">
         <name>.binit</name>
         <load_address>0x0</load_address>
         <run_address>0x0</run_address>
         <size>0x0</size>
         <contents>
            <object_component_ref idref="oc-70"/>
         </contents>
      </logical_group>
      <logical_group id="lg-a" display="no" color="cyan">
         <name>.cinit</name>
         <load_address>0x0</load_address>
         <run_address>0x0</run_address>
         <size>0x0</size>
         <contents>
            <object_component_ref idref="oc-a4"/>
         </contents>
      </logical_group>
      <logical_group id="lg-b" display="no" color="cyan">
         <name>.pinit</name>
         <run_address>0x0</run_address>
         <size>0x0</size>
         <contents>
         </contents>
      </logical_group>
      <logical_group id="lg-c" display="no" color="cyan">
         <name>.init_array</name>
         <run_address>0x0</run_address>
         <size>0x0</size>
         <contents>
         </contents>
      </logical_group>
      <logical_group id="lg-d" display="no" color="cyan">
         <name>.emb_text</name>
         <run_address>0x0</run_address>
         <size>0x0</size>
         <contents>
         </contents>
      </logical_group>
      <logical_group id="lg-e" display="no" color="cyan">
         <name>.ccfg</name>
         <load_address>0x57fa8</load_address>
         <run_address>0x57fa8</run_address>
         <size>0x58</size>
         <contents>
            <object_component_ref idref="oc-1d"/>
         </contents>
      </logical_group>
      <logical_group id="lg-f" display="no" color="cyan">
         <name>.ramVecs</name>
         <run_address>0x0</run_address>
         <size>0x0</size>
         <contents>
         </contents>
      </logical_group>
      <logical_group id="lg-10" display="no" color="cyan">
         <name>.data</name>
         <run_address>0x0</run_address>
         <size>0x0</size>
         <contents>
         </contents>
      </logical_group>
      <logical_group id="lg-11" display="no" color="cyan">
         <name>.bss</name>
         <run_address>0x0</run_address>
         <size>0x0</size>
         <contents>
         </contents>
      </logical_group>
      <logical_group id="lg-12" display="no" color="cyan">
         <name>.sysmem</name>
         <run_address>0x20000000</run_address>
         <size>0x4000</size>
         <contents>
            <object_component_ref idref="oc-32"/>
            <object_component_ref idref="oc-a6"/>
         </contents>
      </logical_group>
      <logical_group id="lg-13" display="no" color="cyan">
         <name>.stack</name>
         <run_address>0x0</run_address>
         <size>0x0</size>
         <contents>
         </contents>
      </logical_group>
      <logical_group id="lg-14" display="no" color="cyan">
         <name>.nonretenvar</name>
         <run_address>0x0</run_address>
         <size>0x0</size>
         <contents>
         </contents>
      </logical_group>
      <logical_group id="lg-15" display="no" color="cyan">
         <name>.gpram</name>
         <run_address>0x0</run_address>
         <size>0x0</size>
         <contents>
         </contents>
      </logical_group>
      <logical_group id="lg-16" display="no" color="cyan">
         <name>.log_data</name>
         <run_address>0x90000000</run_address>
         <size>0x0</size>
         <contents>
         </contents>
      </logical_group>
      <logical_group id="lg-17" display="no" color="cyan">
         <name>.log_ptr</name>
         <run_address>0x94000008</run_address>
         <size>0x0</size>
         <contents>
         </contents>
      </logical_group>
      <logical_group id="lg-67" display="no" color="cyan">
         <name>.TI.noinit</name>
         <run_address>0x0</run_address>
         <size>0x0</size>
         <contents>
         </contents>
      </logical_group>
      <logical_group id="lg-68" display="no" color="cyan">
         <name>.TI.persistent</name>
         <run_address>0x0</run_address>
         <size>0x0</size>
         <contents>
         </contents>
      </logical_group>
      <logical_group id="lg-69" display="no" color="cyan">
         <name>.TI.local</name>
         <run_address>0x0</run_address>
         <size>0x0</size>
         <contents>
         </contents>
      </logical_group>
      <logical_group id="lg-6a" display="no" color="cyan">
         <name>.TI.onchip</name>
         <run_address>0x0</run_address>
         <size>0x0</size>
         <contents>
         </contents>
      </logical_group>
      <logical_group id="lg-6b" display="no" color="cyan">
         <name>.TI.offchip</name>
         <run_address>0x0</run_address>
         <size>0x0</size>
         <contents>
         </contents>
      </logical_group>
      <logical_group id="lg-6c" display="no" color="cyan">
         <name>__llvm_prf_cnts</name>
         <run_address>0x20000000</run_address>
         <size>0x0</size>
         <contents>
         </contents>
      </logical_group>
      <logical_group id="lg-6e" display="no" color="cyan">
         <name>__llvm_prf_bits</name>
         <run_address>0x20000000</run_address>
         <size>0x0</size>
         <contents>
         </contents>
      </logical_group>
      <logical_group id="lg-8d" display="never" color="cyan">
         <name>.debug_abbrev</name>
         <load_address>0x0</load_address>
         <run_address>0x0</run_address>
         <size>0x316</size>
         <contents>
            <object_component_ref idref="oc-34"/>
            <object_component_ref idref="oc-49"/>
            <object_component_ref idref="oc-aa"/>
         </contents>
      </logical_group>
      <logical_group id="lg-8f" display="never" color="cyan">
         <name>.debug_info</name>
         <load_address>0x0</load_address>
         <run_address>0x0</run_address>
         <size>0xcf1</size>
         <contents>
            <object_component_ref idref="oc-1e"/>
            <object_component_ref idref="oc-33"/>
            <object_component_ref idref="oc-a9"/>
         </contents>
      </logical_group>
      <logical_group id="lg-91" display="never" color="cyan">
         <name>.debug_str</name>
         <load_address>0x0</load_address>
         <run_address>0x0</run_address>
         <size>0x66e</size>
         <contents>
            <object_component_ref idref="oc-35"/>
            <object_component_ref idref="oc-4a"/>
         </contents>
      </logical_group>
      <logical_group id="lg-93" display="never" color="cyan">
         <name>.debug_line</name>
         <load_address>0x0</load_address>
         <run_address>0x0</run_address>
         <size>0x848</size>
         <contents>
            <object_component_ref idref="oc-36"/>
            <object_component_ref idref="oc-4b"/>
         </contents>
      </logical_group>
      <logical_group id="lg-95" display="never" color="cyan">
         <name>.debug_loc</name>
         <load_address>0x0</load_address>
         <run_address>0x0</run_address>
         <size>0x7c5</size>
         <contents>
            <object_component_ref idref="oc-4d"/>
         </contents>
      </logical_group>
      <logical_group id="lg-97" display="never" color="cyan">
         <name>.debug_ranges</name>
         <load_address>0x0</load_address>
         <run_address>0x0</run_address>
         <size>0x168</size>
         <contents>
            <object_component_ref idref="oc-4c"/>
         </contents>
      </logical_group>
      <logical_group id="lg-a5" display="no" color="cyan">
         <name>Veneer$$CMSE</name>
         <run_address>0x0</run_address>
         <size>0x0</size>
         <contents>
         </contents>
      </logical_group>
      <logical_group id="lg-a7" display="no" color="cyan">
         <name>.args</name>
         <load_address>0xd0</load_address>
         <run_address>0xd0</run_address>
         <size>0x8</size>
         <contents>
            <object_component_ref idref="oc-a8"/>
         </contents>
      </logical_group>
      <load_segment id="lg-ac" display="no" color="cyan">
         <name>SEGMENT_0</name>
         <load_address>0x0</load_address>
         <run_address>0x0</run_address>
         <size>0xce</size>
         <flags>0x5</flags>
         <contents>
            <logical_group_ref idref="lg-4"/>
         </contents>
      </load_segment>
      <load_segment id="lg-ad" display="no" color="cyan">
         <name>SEGMENT_1</name>
         <load_address>0xd0</load_address>
         <run_address>0xd0</run_address>
         <size>0x8</size>
         <flags>0x6</flags>
         <contents>
            <logical_group_ref idref="lg-a7"/>
         </contents>
      </load_segment>
      <load_segment id="lg-ae" display="no" color="cyan">
         <name>SEGMENT_2</name>
         <load_address>0x57fa8</load_address>
         <run_address>0x57fa8</run_address>
         <size>0x58</size>
         <flags>0x4</flags>
         <contents>
            <logical_group_ref idref="lg-e"/>
         </contents>
      </load_segment>
      <load_segment id="lg-af" display="no" color="cyan">
         <name>SEGMENT_3</name>
         <run_address>0x20000000</run_address>
         <size>0x4000</size>
         <flags>0x6</flags>
         <contents>
            <logical_group_ref idref="lg-12"/>
         </contents>
      </load_segment>
   </logical_group_list>
   <placement_map>
      <memory_area display="yes" color="green">
         <name>FLASH</name>
         <page_id>0x0</page_id>
         <origin>0x0</origin>
         <length>0x58000</length>
         <used_space>0x12e</used_space>
         <unused_space>0x57ed2</unused_space>
         <attributes>RX</attributes>
         <usage_details>
            <allocated_space>
               <start_address>0x0</start_address>
               <size>0x0</size>
               <logical_group_ref idref="lg-9"/>
            </allocated_space>
            <allocated_space>
               <start_address>0x0</start_address>
               <size>0x0</size>
               <logical_group_ref idref="lg-a"/>
            </allocated_space>
            <allocated_space>
               <start_address>0x0</start_address>
               <size>0xce</size>
               <logical_group_ref idref="lg-4"/>
            </allocated_space>
            <available_space>
               <start_address>0xce</start_address>
               <size>0x2</size>
            </available_space>
            <allocated_space>
               <start_address>0xd0</start_address>
               <size>0x8</size>
               <logical_group_ref idref="lg-a7"/>
            </allocated_space>
            <available_space>
               <start_address>0xd8</start_address>
               <size>0x57ed0</size>
            </available_space>
            <allocated_space>
               <start_address>0x57fa8</start_address>
               <size>0x58</size>
               <logical_group_ref idref="lg-e"/>
            </allocated_space>
         </usage_details>
      </memory_area>
      <memory_area display="yes" color="green">
         <name>GPRAM</name>
         <page_id>0x0</page_id>
         <origin>0x11000000</origin>
         <length>0x2000</length>
         <used_space>0x0</used_space>
         <unused_space>0x2000</unused_space>
         <attributes>RWX</attributes>
         <usage_details>
         </usage_details>
      </memory_area>
      <memory_area display="yes" color="green">
         <name>SRAM</name>
         <page_id>0x0</page_id>
         <origin>0x20000000</origin>
         <length>0x14000</length>
         <used_space>0x4000</used_space>
         <unused_space>0x10000</unused_space>
         <attributes>RWX</attributes>
         <usage_details>
            <allocated_space>
               <start_address>0x20000000</start_address>
               <size>0x0</size>
               <logical_group_ref idref="lg-6c"/>
            </allocated_space>
            <allocated_space>
               <start_address>0x20000000</start_address>
               <size>0x0</size>
               <logical_group_ref idref="lg-6e"/>
            </allocated_space>
            <allocated_space>
               <start_address>0x20000000</start_address>
               <size>0x4000</size>
               <logical_group_ref idref="lg-12"/>
            </allocated_space>
            <available_space>
               <start_address>0x20004000</start_address>
               <size>0x10000</size>
            </available_space>
         </usage_details>
      </memory_area>
      <memory_area display="yes" color="green">
         <name>LOG_DATA</name>
         <page_id>0x0</page_id>
         <origin>0x90000000</origin>
         <length>0x40000</length>
         <used_space>0x0</used_space>
         <unused_space>0x40000</unused_space>
         <attributes>R</attributes>
         <usage_details>
         </usage_details>
      </memory_area>
      <memory_area display="yes" color="green">
         <name>LOG_PTR</name>
         <page_id>0x0</page_id>
         <origin>0x94000008</origin>
         <length>0x40000</length>
         <used_space>0x0</used_space>
         <unused_space>0x40000</unused_space>
         <attributes>R</attributes>
         <usage_details>
         </usage_details>
      </memory_area>
   </placement_map>
   <symbol_table>
      <symbol id="sm-1">
         <name>__start___llvm_prf_cnts</name>
         <value>0x20000000</value>
      </symbol>
      <symbol id="sm-2">
         <name>__stop___llvm_prf_cnts</name>
         <value>0x20000000</value>
      </symbol>
      <symbol id="sm-3">
         <name>__start___llvm_prf_bits</name>
         <value>0x20000000</value>
      </symbol>
      <symbol id="sm-4">
         <name>__stop___llvm_prf_bits</name>
         <value>0x20000000</value>
      </symbol>
      <symbol id="sm-5">
         <name>__TI_CINIT_Base</name>
         <value>0x0</value>
      </symbol>
      <symbol id="sm-6">
         <name>__TI_CINIT_Limit</name>
         <value>0x0</value>
      </symbol>
      <symbol id="sm-7">
         <name>__TI_CINIT_Warm</name>
         <value>0x0</value>
      </symbol>
      <symbol id="sm-8">
         <name>binit</name>
         <value>0xffffffff</value>
      </symbol>
      <symbol id="sm-9">
         <name>__binit__</name>
         <value>0xffffffff</value>
      </symbol>
      <symbol id="sm-a">
         <name>__SYSMEM_SIZE</name>
         <value>0x4000</value>
      </symbol>
      <symbol id="sm-b">
         <name>__c_args__</name>
         <value>0xd0</value>
      </symbol>
      <symbol id="sm-c">
         <name>__TI_pprof_out_hndl</name>
         <value>0xffffffff</value>
      </symbol>
      <symbol id="sm-d">
         <name>__TI_prof_data_start</name>
         <value>0xffffffff</value>
      </symbol>
      <symbol id="sm-e">
         <name>__TI_prof_data_size</name>
         <value>0xffffffff</value>
      </symbol>
      <symbol id="sm-f">
         <name>__TI_static_base__</name>
         <value>0x0</value>
      </symbol>
      <symbol id="sm-41">
         <name>resetISR</name>
         <value>0x1</value>
         <object_component_ref idref="oc-28"/>
      </symbol>
      <symbol id="sm-46">
         <name>__ccfg</name>
         <value>0x57fa8</value>
         <object_component_ref idref="oc-1d"/>
      </symbol>
      <symbol id="sm-48">
         <name>__TI_ATRegion0_src_addr</name>
         <value>0x0</value>
      </symbol>
      <symbol id="sm-49">
         <name>__TI_ATRegion0_trg_addr</name>
         <value>0x0</value>
      </symbol>
      <symbol id="sm-4a">
         <name>__TI_ATRegion0_region_sz</name>
         <value>0x0</value>
      </symbol>
      <symbol id="sm-4b">
         <name>__TI_ATRegion1_src_addr</name>
         <value>0x0</value>
      </symbol>
      <symbol id="sm-4c">
         <name>__TI_ATRegion1_trg_addr</name>
         <value>0x0</value>
      </symbol>
      <symbol id="sm-4d">
         <name>__TI_ATRegion1_region_sz</name>
         <value>0x0</value>
      </symbol>
      <symbol id="sm-4e">
         <name>__TI_ATRegion2_src_addr</name>
         <value>0x0</value>
      </symbol>
      <symbol id="sm-4f">
         <name>__TI_ATRegion2_trg_addr</name>
         <value>0x0</value>
      </symbol>
      <symbol id="sm-50">
         <name>__TI_ATRegion2_region_sz</name>
         <value>0x0</value>
      </symbol>
      <symbol id="sm-6d">
         <name>_sys_memory</name>
         <value>0x20000000</value>
         <object_component_ref idref="oc-32"/>
      </symbol>
   </symbol_table>
   <title>Link successful</title>
</link_info>
